Disk Report - Tue Oct 14 04:23:23 PM EDT 2025
 16:23:23 up  2:48,  2 users,  load average: 0.94, 0.75, 0.82
               total        used        free      shared  buff/cache   available
Mem:           3.3Gi       2.0Gi       353Mi        57Mi       1.2Gi       1.3Gi
Swap:          3.4Gi        98Mi       3.4Gi
Filesystem      Size  Used Avail Use% Mounted on
tmpfs           336M  2.3M  334M   1% /run
/dev/sda2        20G  9.6G  9.0G  52% /
tmpfs           1.7G     0  1.7G   0% /dev/shm
tmpfs           5.0M  8.0K  5.0M   1% /run/lock
tmpfs           1.7G  3.8M  1.7G   1% /tmp
tmpfs           336M  156K  336M   1% /run/user/1000
/dev/sr0        100M  100M     0 100% /media/dev-dominick/CDROM
tmpfs           1.0M     0  1.0M   0% /run/credentials/systemd-journald.service
tmpfs           1.0M     0  1.0M   0% /run/credentials/systemd-resolved.service
---------------------
Disk Report - Tue Oct 14 04:29:44 PM EDT 2025
Uptime: 
 16:29:44 up  2:54,  2 users,  load average: 0.55, 0.76, 0.81
Disk Report - Tue Oct 14 04:32:21 PM EDT 2025
Uptime: 
 16:32:21 up  2:57,  2 users,  load average: 0.44, 0.70, 0.78
Disk Report - Tue Oct 14 04:34:03 PM EDT 2025
Uptime: 
 16:34:03 up  2:59,  2 users,  load average: 0.61, 0.67, 0.76
Memory Usage: 
               total        used        free      shared  buff/cache   available
Mem:           3.3Gi       2.1Gi       250Mi        57Mi       1.3Gi       1.2Gi
Swap:          3.4Gi        98Mi       3.4Gi
Disk Usage: 
Filesystem      Size  Used Avail Use% Mounted on
tmpfs           336M  2.3M  334M   1% /run
/dev/sda2        20G  9.6G  9.0G  52% /
tmpfs           1.7G     0  1.7G   0% /dev/shm
tmpfs           5.0M  8.0K  5.0M   1% /run/lock
tmpfs           1.7G  3.8M  1.7G   1% /tmp
tmpfs           336M  156K  336M   1% /run/user/1000
/dev/sr0        100M  100M     0 100% /media/dev-dominick/CDROM
tmpfs           1.0M     0  1.0M   0% /run/credentials/systemd-journald.service
tmpfs           1.0M     0  1.0M   0% /run/credentials/systemd-resolved.service
---------------------
Disk Report - Tue Oct 14 04:50:01 PM EDT 2025
Uptime: 
 16:50:01 up  3:15,  2 users,  load average: 0.05, 0.22, 0.47
Memory Usage: 
               total        used        free      shared  buff/cache   available
Mem:           3.3Gi       2.1Gi       173Mi        57Mi       1.3Gi       1.1Gi
Swap:          3.4Gi        97Mi       3.4Gi
Disk Usage: 
Filesystem      Size  Used Avail Use% Mounted on
tmpfs           336M  2.3M  334M   1% /run
/dev/sda2        20G  9.6G  9.0G  52% /
tmpfs           1.7G     0  1.7G   0% /dev/shm
tmpfs           5.0M  8.0K  5.0M   1% /run/lock
tmpfs           1.7G  3.8M  1.7G   1% /tmp
tmpfs           336M  156K  336M   1% /run/user/1000
/dev/sr0        100M  100M     0 100% /media/dev-dominick/CDROM
tmpfs           1.0M     0  1.0M   0% /run/credentials/systemd-journald.service
tmpfs           1.0M     0  1.0M   0% /run/credentials/systemd-resolved.service
---------------------
Disk Report - Tue Oct 14 04:55:01 PM EDT 2025
Uptime: 
 16:55:01 up  3:20,  2 users,  load average: 0.00, 0.09, 0.34
Memory Usage: 
               total        used        free      shared  buff/cache   available
Mem:           3.3Gi       2.1Gi       170Mi        41Mi       1.3Gi       1.1Gi
Swap:          3.4Gi        97Mi       3.4Gi
Disk Usage: 
Filesystem      Size  Used Avail Use% Mounted on
tmpfs           336M  2.3M  334M   1% /run
/dev/sda2        20G  9.6G  9.0G  52% /
tmpfs           1.7G     0  1.7G   0% /dev/shm
tmpfs           5.0M  8.0K  5.0M   1% /run/lock
tmpfs           1.7G  3.8M  1.7G   1% /tmp
tmpfs           336M  160K  336M   1% /run/user/1000
/dev/sr0        100M  100M     0 100% /media/dev-dominick/CDROM
tmpfs           1.0M     0  1.0M   0% /run/credentials/systemd-journald.service
tmpfs           1.0M     0  1.0M   0% /run/credentials/systemd-resolved.service
---------------------
Disk Report - Tue Oct 14 05:00:01 PM EDT 2025
Uptime: 
 17:00:01 up  3:25,  2 users,  load average: 0.46, 0.18, 0.29
Memory Usage: 
               total        used        free      shared  buff/cache   available
Mem:           3.3Gi       2.1Gi       279Mi        47Mi       1.2Gi       1.1Gi
Swap:          3.4Gi       101Mi       3.3Gi
Disk Usage: 
Filesystem      Size  Used Avail Use% Mounted on
tmpfs           336M  2.3M  334M   1% /run
/dev/sda2        20G  9.6G  9.0G  52% /
tmpfs           1.7G     0  1.7G   0% /dev/shm
tmpfs           5.0M  8.0K  5.0M   1% /run/lock
tmpfs           1.7G  3.8M  1.7G   1% /tmp
tmpfs           336M  156K  336M   1% /run/user/1000
/dev/sr0        100M  100M     0 100% /media/dev-dominick/CDROM
tmpfs           1.0M     0  1.0M   0% /run/credentials/systemd-journald.service
tmpfs           1.0M     0  1.0M   0% /run/credentials/systemd-resolved.service
---------------------
Disk Report - Tue Oct 14 05:05:01 PM EDT 2025
Uptime: 
 17:05:01 up  3:30,  2 users,  load average: 0.28, 0.21, 0.26
Memory Usage: 
               total        used        free      shared  buff/cache   available
Mem:           3.3Gi       2.1Gi       281Mi        47Mi       1.2Gi       1.2Gi
Swap:          3.4Gi       101Mi       3.3Gi
Disk Usage: 
Filesystem      Size  Used Avail Use% Mounted on
tmpfs           336M  2.3M  334M   1% /run
/dev/sda2        20G  9.6G  9.0G  52% /
tmpfs           1.7G     0  1.7G   0% /dev/shm
tmpfs           5.0M  8.0K  5.0M   1% /run/lock
tmpfs           1.7G  3.8M  1.7G   1% /tmp
tmpfs           336M  152K  336M   1% /run/user/1000
/dev/sr0        100M  100M     0 100% /media/dev-dominick/CDROM
tmpfs           1.0M     0  1.0M   0% /run/credentials/systemd-journald.service
tmpfs           1.0M     0  1.0M   0% /run/credentials/systemd-resolved.service
---------------------
Disk Report - Tue Oct 14 05:10:01 PM EDT 2025
Uptime: 
 17:10:01 up  3:34,  2 users,  load average: 0.08, 0.15, 0.22
Memory Usage: 
               total        used        free      shared  buff/cache   available
Mem:           3.3Gi       2.1Gi       274Mi        47Mi       1.2Gi       1.2Gi
Swap:          3.4Gi       101Mi       3.3Gi
Disk Usage: 
Filesystem      Size  Used Avail Use% Mounted on
tmpfs           336M  2.3M  334M   1% /run
/dev/sda2        20G  9.6G  9.0G  52% /
tmpfs           1.7G     0  1.7G   0% /dev/shm
tmpfs           5.0M  8.0K  5.0M   1% /run/lock
tmpfs           1.7G  3.8M  1.7G   1% /tmp
tmpfs           336M  148K  336M   1% /run/user/1000
/dev/sr0        100M  100M     0 100% /media/dev-dominick/CDROM
tmpfs           1.0M     0  1.0M   0% /run/credentials/systemd-journald.service
tmpfs           1.0M     0  1.0M   0% /run/credentials/systemd-resolved.service
---------------------
Disk Report - Tue Oct 14 05:15:01 PM EDT 2025
Uptime: 
 17:15:01 up  3:39,  2 users,  load average: 0.04, 0.10, 0.17
Memory Usage: 
               total        used        free      shared  buff/cache   available
Mem:           3.3Gi       2.0Gi       378Mi        47Mi       1.2Gi       1.3Gi
Swap:          3.4Gi       101Mi       3.3Gi
Disk Usage: 
Filesystem      Size  Used Avail Use% Mounted on
tmpfs           336M  2.3M  334M   1% /run
/dev/sda2        20G  9.6G  9.0G  52% /
tmpfs           1.7G     0  1.7G   0% /dev/shm
tmpfs           5.0M  8.0K  5.0M   1% /run/lock
tmpfs           1.7G  3.8M  1.7G   1% /tmp
tmpfs           336M  152K  336M   1% /run/user/1000
/dev/sr0        100M  100M     0 100% /media/dev-dominick/CDROM
tmpfs           1.0M     0  1.0M   0% /run/credentials/systemd-journald.service
tmpfs           1.0M     0  1.0M   0% /run/credentials/systemd-resolved.service
---------------------
Disk Report - Tue Oct 14 05:20:01 PM EDT 2025
Uptime: 
 17:20:01 up  3:44,  2 users,  load average: 0.21, 0.09, 0.14
Memory Usage: 
               total        used        free      shared  buff/cache   available
Mem:           3.3Gi       2.0Gi       375Mi        47Mi       1.2Gi       1.3Gi
Swap:          3.4Gi       101Mi       3.3Gi
Disk Usage: 
Filesystem      Size  Used Avail Use% Mounted on
tmpfs           336M  2.3M  334M   1% /run
/dev/sda2        20G  9.6G  9.0G  52% /
tmpfs           1.7G     0  1.7G   0% /dev/shm
tmpfs           5.0M  8.0K  5.0M   1% /run/lock
tmpfs           1.7G  3.8M  1.7G   1% /tmp
tmpfs           336M  152K  336M   1% /run/user/1000
/dev/sr0        100M  100M     0 100% /media/dev-dominick/CDROM
tmpfs           1.0M     0  1.0M   0% /run/credentials/systemd-journald.service
tmpfs           1.0M     0  1.0M   0% /run/credentials/systemd-resolved.service
---------------------
Disk Report - Tue Oct 14 05:25:01 PM EDT 2025
Uptime: 
 17:25:01 up  3:49,  2 users,  load average: 0.02, 0.09, 0.12
Memory Usage: 
               total        used        free      shared  buff/cache   available
Mem:           3.3Gi       2.0Gi       391Mi        40Mi       1.2Gi       1.3Gi
Swap:          3.4Gi       101Mi       3.3Gi
Disk Usage: 
Filesystem      Size  Used Avail Use% Mounted on
tmpfs           336M  2.3M  334M   1% /run
/dev/sda2        20G  9.6G  9.0G  52% /
tmpfs           1.7G     0  1.7G   0% /dev/shm
tmpfs           5.0M  8.0K  5.0M   1% /run/lock
tmpfs           1.7G  3.8M  1.7G   1% /tmp
tmpfs           336M  156K  336M   1% /run/user/1000
/dev/sr0        100M  100M     0 100% /media/dev-dominick/CDROM
tmpfs           1.0M     0  1.0M   0% /run/credentials/systemd-journald.service
tmpfs           1.0M     0  1.0M   0% /run/credentials/systemd-resolved.service
---------------------
Disk Report - Tue Oct 14 05:30:01 PM EDT 2025
Uptime: 
 17:30:01 up  3:54,  2 users,  load average: 0.19, 0.08, 0.10
Memory Usage: 
               total        used        free      shared  buff/cache   available
Mem:           3.3Gi       2.0Gi       363Mi        40Mi       1.2Gi       1.2Gi
Swap:          3.4Gi       101Mi       3.3Gi
Disk Usage: 
Filesystem      Size  Used Avail Use% Mounted on
tmpfs           336M  2.3M  334M   1% /run
/dev/sda2        20G  9.6G  9.0G  52% /
tmpfs           1.7G     0  1.7G   0% /dev/shm
tmpfs           5.0M  8.0K  5.0M   1% /run/lock
tmpfs           1.7G  3.8M  1.7G   1% /tmp
tmpfs           336M  156K  336M   1% /run/user/1000
/dev/sr0        100M  100M     0 100% /media/dev-dominick/CDROM
tmpfs           1.0M     0  1.0M   0% /run/credentials/systemd-journald.service
tmpfs           1.0M     0  1.0M   0% /run/credentials/systemd-resolved.service
---------------------
Disk Report - Tue Oct 14 05:35:01 PM EDT 2025
Uptime: 
 17:35:01 up  3:59,  2 users,  load average: 0.00, 0.03, 0.07
Memory Usage: 
               total        used        free      shared  buff/cache   available
Mem:           3.3Gi       2.0Gi       377Mi        40Mi       1.2Gi       1.3Gi
Swap:          3.4Gi       101Mi       3.3Gi
Disk Usage: 
Filesystem      Size  Used Avail Use% Mounted on
tmpfs           336M  2.3M  334M   1% /run
/dev/sda2        20G  9.6G  9.0G  52% /
tmpfs           1.7G     0  1.7G   0% /dev/shm
tmpfs           5.0M  8.0K  5.0M   1% /run/lock
tmpfs           1.7G  3.8M  1.7G   1% /tmp
tmpfs           336M  156K  336M   1% /run/user/1000
/dev/sr0        100M  100M     0 100% /media/dev-dominick/CDROM
tmpfs           1.0M     0  1.0M   0% /run/credentials/systemd-journald.service
tmpfs           1.0M     0  1.0M   0% /run/credentials/systemd-resolved.service
---------------------
Disk Report - Tue Oct 14 05:40:01 PM EDT 2025
Uptime: 
 17:40:01 up  4:04,  2 users,  load average: 0.11, 0.05, 0.06
Memory Usage: 
               total        used        free      shared  buff/cache   available
Mem:           3.3Gi       2.0Gi       363Mi        47Mi       1.2Gi       1.2Gi
Swap:          3.4Gi       101Mi       3.3Gi
Disk Usage: 
Filesystem      Size  Used Avail Use% Mounted on
tmpfs           336M  2.3M  334M   1% /run
/dev/sda2        20G  9.6G  9.0G  52% /
tmpfs           1.7G     0  1.7G   0% /dev/shm
tmpfs           5.0M  8.0K  5.0M   1% /run/lock
tmpfs           1.7G  3.8M  1.7G   1% /tmp
tmpfs           336M  152K  336M   1% /run/user/1000
/dev/sr0        100M  100M     0 100% /media/dev-dominick/CDROM
tmpfs           1.0M     0  1.0M   0% /run/credentials/systemd-journald.service
tmpfs           1.0M     0  1.0M   0% /run/credentials/systemd-resolved.service
---------------------
Disk Report - Tue Oct 14 06:45:01 PM EDT 2025
Uptime: 
 18:45:01 up  4:09,  2 users,  load average: 0.10, 0.11, 0.09
Memory Usage: 
               total        used        free      shared  buff/cache   available
Mem:           3.3Gi       2.0Gi       311Mi        47Mi       1.2Gi       1.2Gi
Swap:          3.4Gi       101Mi       3.3Gi
Disk Usage: 
Filesystem      Size  Used Avail Use% Mounted on
tmpfs           336M  2.3M  334M   1% /run
/dev/sda2        20G  9.6G  9.0G  52% /
tmpfs           1.7G     0  1.7G   0% /dev/shm
tmpfs           5.0M  8.0K  5.0M   1% /run/lock
tmpfs           1.7G  3.8M  1.7G   1% /tmp
tmpfs           336M  148K  336M   1% /run/user/1000
/dev/sr0        100M  100M     0 100% /media/dev-dominick/CDROM
tmpfs           1.0M     0  1.0M   0% /run/credentials/systemd-journald.service
tmpfs           1.0M     0  1.0M   0% /run/credentials/systemd-resolved.service
---------------------
Disk Report - Tue Oct 14 06:50:01 PM EDT 2025
Uptime: 
 18:50:01 up  4:14,  2 users,  load average: 1.88, 1.34, 0.63
Memory Usage: 
               total        used        free      shared  buff/cache   available
Mem:           3.3Gi       2.3Gi       238Mi        57Mi       1.1Gi       1.0Gi
Swap:          3.4Gi       117Mi       3.3Gi
Disk Usage: 
Filesystem      Size  Used Avail Use% Mounted on
tmpfs           336M  2.3M  334M   1% /run
/dev/sda2        20G  9.7G  8.9G  52% /
tmpfs           1.7G     0  1.7G   0% /dev/shm
tmpfs           5.0M  8.0K  5.0M   1% /run/lock
tmpfs           1.7G  3.8M  1.7G   1% /tmp
tmpfs           336M  148K  336M   1% /run/user/1000
/dev/sr0        100M  100M     0 100% /media/dev-dominick/CDROM
tmpfs           1.0M     0  1.0M   0% /run/credentials/systemd-journald.service
tmpfs           1.0M     0  1.0M   0% /run/credentials/systemd-resolved.service
---------------------
Disk Report - Tue Oct 14 06:55:01 PM EDT 2025
Uptime: 
 18:55:01 up  4:19,  2 users,  load average: 0.01, 0.49, 0.45
Memory Usage: 
               total        used        free      shared  buff/cache   available
Mem:           3.3Gi       2.3Gi       278Mi        57Mi       1.1Gi       1.0Gi
Swap:          3.4Gi       117Mi       3.3Gi
Disk Usage: 
Filesystem      Size  Used Avail Use% Mounted on
tmpfs           336M  2.3M  334M   1% /run
/dev/sda2        20G  9.7G  8.9G  52% /
tmpfs           1.7G     0  1.7G   0% /dev/shm
tmpfs           5.0M  8.0K  5.0M   1% /run/lock
tmpfs           1.7G  3.8M  1.7G   1% /tmp
tmpfs           336M  148K  336M   1% /run/user/1000
/dev/sr0        100M  100M     0 100% /media/dev-dominick/CDROM
tmpfs           1.0M     0  1.0M   0% /run/credentials/systemd-journald.service
tmpfs           1.0M     0  1.0M   0% /run/credentials/systemd-resolved.service
---------------------
Disk Report - Tue Oct 14 07:00:01 PM EDT 2025
Uptime: 
 19:00:01 up  4:24,  2 users,  load average: 0.04, 0.21, 0.34
Memory Usage: 
               total        used        free      shared  buff/cache   available
Mem:           3.3Gi       2.2Gi       350Mi        48Mi       1.0Gi       1.1Gi
Swap:          3.4Gi       117Mi       3.3Gi
Disk Usage: 
Filesystem      Size  Used Avail Use% Mounted on
tmpfs           336M  2.3M  334M   1% /run
/dev/sda2        20G  9.6G  9.0G  52% /
tmpfs           1.7G     0  1.7G   0% /dev/shm
tmpfs           5.0M  8.0K  5.0M   1% /run/lock
tmpfs           1.7G  3.8M  1.7G   1% /tmp
tmpfs           336M  152K  336M   1% /run/user/1000
/dev/sr0        100M  100M     0 100% /media/dev-dominick/CDROM
tmpfs           1.0M     0  1.0M   0% /run/credentials/systemd-journald.service
tmpfs           1.0M     0  1.0M   0% /run/credentials/systemd-resolved.service
---------------------
Disk Report - Tue Oct 14 07:05:01 PM EDT 2025
Uptime: 
 19:05:01 up  4:29,  2 users,  load average: 0.00, 0.07, 0.23
Memory Usage: 
               total        used        free      shared  buff/cache   available
Mem:           3.3Gi       2.2Gi       350Mi        48Mi       1.0Gi       1.1Gi
Swap:          3.4Gi       117Mi       3.3Gi
Disk Usage: 
Filesystem      Size  Used Avail Use% Mounted on
tmpfs           336M  2.3M  334M   1% /run
/dev/sda2        20G  9.6G  9.0G  52% /
tmpfs           1.7G     0  1.7G   0% /dev/shm
tmpfs           5.0M  8.0K  5.0M   1% /run/lock
tmpfs           1.7G  3.8M  1.7G   1% /tmp
tmpfs           336M  152K  336M   1% /run/user/1000
/dev/sr0        100M  100M     0 100% /media/dev-dominick/CDROM
tmpfs           1.0M     0  1.0M   0% /run/credentials/systemd-journald.service
tmpfs           1.0M     0  1.0M   0% /run/credentials/systemd-resolved.service
---------------------
Disk Report - Tue Oct 14 07:10:01 PM EDT 2025
Uptime: 
 19:10:01 up  4:34,  2 users,  load average: 0.00, 0.02, 0.16
Memory Usage: 
               total        used        free      shared  buff/cache   available
Mem:           3.3Gi       2.2Gi       353Mi        48Mi       1.0Gi       1.1Gi
Swap:          3.4Gi       117Mi       3.3Gi
Disk Usage: 
Filesystem      Size  Used Avail Use% Mounted on
tmpfs           336M  2.3M  334M   1% /run
/dev/sda2        20G  9.6G  9.0G  52% /
tmpfs           1.7G     0  1.7G   0% /dev/shm
tmpfs           5.0M  8.0K  5.0M   1% /run/lock
tmpfs           1.7G  3.8M  1.7G   1% /tmp
tmpfs           336M  152K  336M   1% /run/user/1000
/dev/sr0        100M  100M     0 100% /media/dev-dominick/CDROM
tmpfs           1.0M     0  1.0M   0% /run/credentials/systemd-journald.service
tmpfs           1.0M     0  1.0M   0% /run/credentials/systemd-resolved.service
---------------------
Disk Report - Tue Oct 14 07:15:01 PM EDT 2025
Uptime: 
 19:15:01 up  4:39,  2 users,  load average: 0.00, 0.00, 0.10
Memory Usage: 
               total        used        free      shared  buff/cache   available
Mem:           3.3Gi       2.2Gi       353Mi        48Mi       1.0Gi       1.1Gi
Swap:          3.4Gi       117Mi       3.3Gi
Disk Usage: 
Filesystem      Size  Used Avail Use% Mounted on
tmpfs           336M  2.3M  334M   1% /run
/dev/sda2        20G  9.6G  9.0G  52% /
tmpfs           1.7G     0  1.7G   0% /dev/shm
tmpfs           5.0M  8.0K  5.0M   1% /run/lock
tmpfs           1.7G  3.8M  1.7G   1% /tmp
tmpfs           336M  152K  336M   1% /run/user/1000
/dev/sr0        100M  100M     0 100% /media/dev-dominick/CDROM
tmpfs           1.0M     0  1.0M   0% /run/credentials/systemd-journald.service
tmpfs           1.0M     0  1.0M   0% /run/credentials/systemd-resolved.service
---------------------
Disk Report - Tue Oct 14 10:15:20 PM EDT 2025
Uptime: 
 22:15:20 up  4:40,  2 users,  load average: 0.14, 0.04, 0.10
Memory Usage: 
               total        used        free      shared  buff/cache   available
Mem:           3.3Gi       2.2Gi       348Mi        48Mi       1.1Gi       1.1Gi
Swap:          3.4Gi       117Mi       3.3Gi
Disk Usage: 
Filesystem      Size  Used Avail Use% Mounted on
tmpfs           336M  2.3M  334M   1% /run
/dev/sda2        20G  9.6G  9.0G  52% /
tmpfs           1.7G     0  1.7G   0% /dev/shm
tmpfs           5.0M  8.0K  5.0M   1% /run/lock
tmpfs           1.7G  3.8M  1.7G   1% /tmp
tmpfs           336M  152K  336M   1% /run/user/1000
/dev/sr0        100M  100M     0 100% /media/dev-dominick/CDROM
tmpfs           1.0M     0  1.0M   0% /run/credentials/systemd-journald.service
tmpfs           1.0M     0  1.0M   0% /run/credentials/systemd-resolved.service
---------------------
Disk Report - Tue Oct 14 10:20:02 PM EDT 2025
Uptime: 
 22:20:02 up  4:44,  2 users,  load average: 0.00, 0.01, 0.07
Memory Usage: 
               total        used        free      shared  buff/cache   available
Mem:           3.3Gi       2.2Gi       347Mi        48Mi       1.1Gi       1.1Gi
Swap:          3.4Gi       117Mi       3.3Gi
Disk Usage: 
Filesystem      Size  Used Avail Use% Mounted on
tmpfs           336M  2.3M  334M   1% /run
/dev/sda2        20G  9.6G  9.0G  52% /
tmpfs           1.7G     0  1.7G   0% /dev/shm
tmpfs           5.0M  8.0K  5.0M   1% /run/lock
tmpfs           1.7G  3.8M  1.7G   1% /tmp
tmpfs           336M  152K  336M   1% /run/user/1000
/dev/sr0        100M  100M     0 100% /media/dev-dominick/CDROM
tmpfs           1.0M     0  1.0M   0% /run/credentials/systemd-journald.service
tmpfs           1.0M     0  1.0M   0% /run/credentials/systemd-resolved.service
---------------------
Disk Report - Tue Oct 14 10:25:01 PM EDT 2025
Uptime: 
 22:25:01 up  4:49,  2 users,  load average: 0.51, 0.21, 0.12
Memory Usage: 
               total        used        free      shared  buff/cache   available
Mem:           3.3Gi       2.2Gi       134Mi        52Mi       1.3Gi       1.1Gi
Swap:          3.4Gi       155Mi       3.3Gi
Disk Usage: 
Filesystem      Size  Used Avail Use% Mounted on
tmpfs           336M  2.3M  334M   1% /run
/dev/sda2        20G  9.8G  8.8G  53% /
tmpfs           1.7G     0  1.7G   0% /dev/shm
tmpfs           5.0M  8.0K  5.0M   1% /run/lock
tmpfs           1.7G  3.8M  1.7G   1% /tmp
tmpfs           336M  152K  336M   1% /run/user/1000
/dev/sr0        100M  100M     0 100% /media/dev-dominick/CDROM
tmpfs           1.0M     0  1.0M   0% /run/credentials/systemd-journald.service
tmpfs           1.0M     0  1.0M   0% /run/credentials/systemd-resolved.service
---------------------
Disk Report - Tue Oct 14 10:30:01 PM EDT 2025
Uptime: 
 22:30:01 up  4:54,  2 users,  load average: 0.37, 0.33, 0.20
Memory Usage: 
               total        used        free      shared  buff/cache   available
Mem:           3.3Gi       1.9Gi       542Mi        27Mi       1.2Gi       1.4Gi
Swap:          3.4Gi       513Mi       2.9Gi
Disk Usage: 
Filesystem      Size  Used Avail Use% Mounted on
tmpfs           336M  2.3M  334M   1% /run
/dev/sda2        20G  9.9G  8.7G  54% /
tmpfs           1.7G     0  1.7G   0% /dev/shm
tmpfs           5.0M  8.0K  5.0M   1% /run/lock
tmpfs           1.7G  3.8M  1.7G   1% /tmp
tmpfs           336M  152K  336M   1% /run/user/1000
/dev/sr0        100M  100M     0 100% /media/dev-dominick/CDROM
tmpfs           1.0M     0  1.0M   0% /run/credentials/systemd-journald.service
tmpfs           1.0M     0  1.0M   0% /run/credentials/systemd-resolved.service
---------------------
Disk Report - Tue Oct 14 10:35:01 PM EDT 2025
Uptime: 
 22:35:01 up  4:59,  2 users,  load average: 0.17, 0.25, 0.19
Memory Usage: 
               total        used        free      shared  buff/cache   available
Mem:           3.3Gi       1.8Gi       577Mi        27Mi       1.2Gi       1.5Gi
Swap:          3.4Gi       506Mi       3.0Gi
Disk Usage: 
Filesystem      Size  Used Avail Use% Mounted on
tmpfs           336M  2.3M  334M   1% /run
/dev/sda2        20G  9.9G  8.7G  54% /
tmpfs           1.7G     0  1.7G   0% /dev/shm
tmpfs           5.0M  8.0K  5.0M   1% /run/lock
tmpfs           1.7G  3.8M  1.7G   1% /tmp
tmpfs           336M  156K  336M   1% /run/user/1000
/dev/sr0        100M  100M     0 100% /media/dev-dominick/CDROM
tmpfs           1.0M     0  1.0M   0% /run/credentials/systemd-journald.service
tmpfs           1.0M     0  1.0M   0% /run/credentials/systemd-resolved.service
---------------------
Disk Report - Tue Oct 14 10:40:01 PM EDT 2025
Uptime: 
 22:40:01 up  5:04,  2 users,  load average: 0.59, 0.52, 0.31
Memory Usage: 
               total        used        free      shared  buff/cache   available
Mem:           3.3Gi       1.8Gi       479Mi        27Mi       1.3Gi       1.5Gi
Swap:          3.4Gi       496Mi       3.0Gi
Disk Usage: 
Filesystem      Size  Used Avail Use% Mounted on
tmpfs           336M  2.3M  334M   1% /run
/dev/sda2        20G  9.9G  8.7G  54% /
tmpfs           1.7G     0  1.7G   0% /dev/shm
tmpfs           5.0M  8.0K  5.0M   1% /run/lock
tmpfs           1.7G  3.8M  1.7G   1% /tmp
tmpfs           336M  156K  336M   1% /run/user/1000
/dev/sr0        100M  100M     0 100% /media/dev-dominick/CDROM
tmpfs           1.0M     0  1.0M   0% /run/credentials/systemd-journald.service
tmpfs           1.0M     0  1.0M   0% /run/credentials/systemd-resolved.service
---------------------
Disk Report - Tue Oct 14 10:45:01 PM EDT 2025
Uptime: 
 22:45:01 up  5:09,  2 users,  load average: 0.02, 0.22, 0.23
Memory Usage: 
               total        used        free      shared  buff/cache   available
Mem:           3.3Gi       1.8Gi       479Mi        26Mi       1.3Gi       1.5Gi
Swap:          3.4Gi       496Mi       3.0Gi
Disk Usage: 
Filesystem      Size  Used Avail Use% Mounted on
tmpfs           336M  2.3M  334M   1% /run
/dev/sda2        20G  9.9G  8.7G  54% /
tmpfs           1.7G     0  1.7G   0% /dev/shm
tmpfs           5.0M  8.0K  5.0M   1% /run/lock
tmpfs           1.7G  3.8M  1.7G   1% /tmp
tmpfs           336M  156K  336M   1% /run/user/1000
/dev/sr0        100M  100M     0 100% /media/dev-dominick/CDROM
tmpfs           1.0M     0  1.0M   0% /run/credentials/systemd-journald.service
tmpfs           1.0M     0  1.0M   0% /run/credentials/systemd-resolved.service
---------------------
Disk Report - Tue Oct 14 10:50:01 PM EDT 2025
Uptime: 
 22:50:01 up  5:14,  2 users,  load average: 0.19, 0.20, 0.21
Memory Usage: 
               total        used        free      shared  buff/cache   available
Mem:           3.3Gi       1.8Gi       481Mi        27Mi       1.3Gi       1.5Gi
Swap:          3.4Gi       493Mi       3.0Gi
Disk Usage: 
Filesystem      Size  Used Avail Use% Mounted on
tmpfs           336M  2.3M  334M   1% /run
/dev/sda2        20G  9.9G  8.7G  54% /
tmpfs           1.7G     0  1.7G   0% /dev/shm
tmpfs           5.0M  8.0K  5.0M   1% /run/lock
tmpfs           1.7G  3.8M  1.7G   1% /tmp
tmpfs           336M  156K  336M   1% /run/user/1000
/dev/sr0        100M  100M     0 100% /media/dev-dominick/CDROM
tmpfs           1.0M     0  1.0M   0% /run/credentials/systemd-journald.service
tmpfs           1.0M     0  1.0M   0% /run/credentials/systemd-resolved.service
---------------------
Disk Report - Tue Oct 14 10:55:01 PM EDT 2025
Uptime: 
 22:55:01 up  5:19,  2 users,  load average: 1.31, 0.44, 0.28
Memory Usage: 
               total        used        free      shared  buff/cache   available
Mem:           3.3Gi       1.8Gi       454Mi        27Mi       1.3Gi       1.5Gi
Swap:          3.4Gi       493Mi       3.0Gi
Disk Usage: 
Filesystem      Size  Used Avail Use% Mounted on
tmpfs           336M  2.3M  334M   1% /run
/dev/sda2        20G  9.9G  8.7G  54% /
tmpfs           1.7G     0  1.7G   0% /dev/shm
tmpfs           5.0M  8.0K  5.0M   1% /run/lock
tmpfs           1.7G  3.8M  1.7G   1% /tmp
tmpfs           336M  160K  336M   1% /run/user/1000
/dev/sr0        100M  100M     0 100% /media/dev-dominick/CDROM
tmpfs           1.0M     0  1.0M   0% /run/credentials/systemd-journald.service
tmpfs           1.0M     0  1.0M   0% /run/credentials/systemd-resolved.service
---------------------
Disk Report - Tue Oct 14 11:00:01 PM EDT 2025
Uptime: 
 23:00:01 up  5:24,  2 users,  load average: 0.65, 0.35, 0.27
Memory Usage: 
               total        used        free      shared  buff/cache   available
Mem:           3.3Gi       1.8Gi       421Mi        26Mi       1.3Gi       1.4Gi
Swap:          3.4Gi       493Mi       3.0Gi
Disk Usage: 
Filesystem      Size  Used Avail Use% Mounted on
tmpfs           336M  2.3M  334M   1% /run
/dev/sda2        20G  9.9G  8.7G  54% /
tmpfs           1.7G     0  1.7G   0% /dev/shm
tmpfs           5.0M  8.0K  5.0M   1% /run/lock
tmpfs           1.7G  3.8M  1.7G   1% /tmp
tmpfs           336M  156K  336M   1% /run/user/1000
/dev/sr0        100M  100M     0 100% /media/dev-dominick/CDROM
tmpfs           1.0M     0  1.0M   0% /run/credentials/systemd-journald.service
tmpfs           1.0M     0  1.0M   0% /run/credentials/systemd-resolved.service
---------------------
Disk Report - Tue Oct 14 11:05:01 PM EDT 2025
Uptime: 
 23:05:01 up  5:29,  2 users,  load average: 0.57, 0.43, 0.31
Memory Usage: 
               total        used        free      shared  buff/cache   available
Mem:           3.3Gi       2.0Gi       253Mi        27Mi       1.3Gi       1.3Gi
Swap:          3.4Gi       493Mi       3.0Gi
Disk Usage: 
Filesystem      Size  Used Avail Use% Mounted on
tmpfs           336M  2.3M  334M   1% /run
/dev/sda2        20G  9.9G  8.7G  54% /
tmpfs           1.7G     0  1.7G   0% /dev/shm
tmpfs           5.0M  8.0K  5.0M   1% /run/lock
tmpfs           1.7G  3.8M  1.7G   1% /tmp
tmpfs           336M  164K  336M   1% /run/user/1000
/dev/sr0        100M  100M     0 100% /media/dev-dominick/CDROM
tmpfs           1.0M     0  1.0M   0% /run/credentials/systemd-journald.service
tmpfs           1.0M     0  1.0M   0% /run/credentials/systemd-resolved.service
---------------------
